// Jest Snapshot v1, https://goo.gl/fbAQLP

exports[`<OrderList /> renders <OrderList /> component with order 1`] = `
<div>
  <ul>
    <li>
      Send fleet(
      10
      ) from 
      A
       to 
      B
    </li>
  </ul>
</div>
`;

exports[`<OrderList /> renders <OrderList /> component without any orders 1`] = `<div />`;
