// Jest Snapshot v1, https://goo.gl/fbAQLP

exports[`<PlayerTurn /> renders <PlayerTurn /> component at the beginning of player turn 1`] = `
.emotion-5 {
  position: relative;
  display: inline-block;
  top: 0;
  left: 0;
}

.emotion-0 {
  border-color: #acf9fb;
  z-index: 1;
  opacity: 1;
  position: absolute;
  border-style: solid;
  width: 8px;
  height: 8px;
  border-width: 1px 0 0 1px;
  top: -1px;
  left: -1px;
}

.emotion-1 {
  border-color: #acf9fb;
  z-index: 1;
  opacity: 1;
  position: absolute;
  border-style: solid;
  width: 8px;
  height: 8px;
  border-width: 1px 1px 0 0;
  top: -1px;
  right: -1px;
}

.emotion-2 {
  border-color: #acf9fb;
  z-index: 1;
  opacity: 1;
  position: absolute;
  border-style: solid;
  width: 8px;
  height: 8px;
  border-width: 0 0 1px 1px;
  bottom: -1px;
  left: -1px;
}

.emotion-3 {
  border-color: #acf9fb;
  z-index: 1;
  opacity: 1;
  position: absolute;
  border-style: solid;
  width: 8px;
  height: 8px;
  border-width: 0 1px 1px 0;
  bottom: -1px;
  right: -1px;
}

.emotion-4 {
  border: 1px solid #acf9fb;
  display: -webkit-inline-box;
  display: -webkit-inline-flex;
  display: -ms-inline-flexbox;
  display: inline-flex;
  -webkit-align-items: center;
  -webkit-box-align: center;
  -ms-flex-align: center;
  align-items: center;
  -webkit-box-pack: center;
  -webkit-justify-content: center;
  -ms-flex-pack: center;
  justify-content: center;
  padding: 8px 16px;
  cursor: pointer;
  font-family: inherit;
  -webkit-text-decoration: none;
  text-decoration: none;
  box-sizing: border-box;
  vertical-align: middle;
  position: relative;
  background-color: rgba(6,43,45,0.65);
  color: #acf9fb;
  font-size: 14px;
  font-weight: 400;
  line-height: 20px;
  font-family: Arial,sans-serif;
  -webkit-user-select: none;
  -moz-user-select: none;
  -ms-user-select: none;
  user-select: none;
  position: relative;
  z-index: 2;
}

.emotion-4:focus {
  outline: none;
}

<div>
  <div>
    <h2>
      1
       turn
    </h2>
    <div>
      Please select origin planet
    </div>
  </div>
  <div
    class="emotion-5"
  >
    <div
      class="emotion-0"
    />
    <div
      class="emotion-1"
    />
    <div
      class="emotion-2"
    />
    <div
      class="emotion-3"
    />
    <button
      class="emotion-4"
      type="button"
    >
      Complete turn
    </button>
  </div>
</div>
`;
